// Jest Snapshot v1, https://goo.gl/fbAQLP

exports[`In components/Progressbar-selector.js Test Selector:  should render Progressbar-selector correctly. 1`] = `
<Input
  bsSize="lg"
  className="rounded-0 normal-bdcolor-boxshadow custom-select height-3rem appear-btn"
  id="progressbAs-select0"
  name="progressbar-select"
  onChange={[Function]}
  type="select"
>
  <option
    disabled={true}
    value="default"
  >
    Please Select
  </option>
  <PbOpts
    key="0"
    pbId="pb1"
    val={10}
  />
  <PbOpts
    key="1"
    pbId="pb2"
    val={81}
  />
  <PbOpts
    key="2"
    pbId="pb3"
    val={42}
  />
</Input>
`;
